// Jest Snapshot v1, https://goo.gl/fbAQLP

exports[`<User /> matches snapshot 1`] = `
<div>
  <div
    class="MuiBox-root MuiBox-root-2"
  >
    <h6
      class="MuiTypography-root MuiTypography-h6 MuiTypography-gutterBottom"
    >
      사용자 알 수 없음
    </h6>
    <button
      class="MuiButtonBase-root MuiButton-root MuiButton-outlined MuiButton-outlinedPrimary"
      tabindex="0"
      type="button"
    >
      <span
        class="MuiButton-label"
      >
        TOGGLE
      </span>
      <span
        class="MuiTouchRipple-root"
      />
    </button>
  </div>
</div>
`;
